01:55:21 **** Incremental Build of configuration Debug for project VL50L0X ****
make -j8 all 
arm-none-eabi-gcc "../Core/Src/main.c" -mcpu=cortex-m7 -std=gnu11 -g3 -DDEBUG -DUSE_HAL_DRIVER -DSTM32F746xx -c -I../Core/Inc -I../Drivers/STM32F7xx_HAL_Driver/Inc -I../Drivers/STM32F7xx_HAL_Driver/Inc/Legacy -I../Drivers/CMSIS/Device/ST/STM32F7xx/Include -I../Drivers/CMSIS/Include -I"C:/Users/Karim ABDELLAZIZ/Documents/3A ensea/Projet robot/VL50L0X/Drivers/VL50L0X_DRV" -O0 -ffunction-sections -fdata-sections -Wall -fstack-usage -MMD -MP -MF"Core/Src/main.d" -MT"Core/Src/main.o" --specs=nano.specs -mfpu=fpv5-sp-d16 -mfloat-abi=hard -mthumb -o "Core/Src/main.o"
arm-none-eabi-gcc "../Core/Src/stm32f7xx_it.c" -mcpu=cortex-m7 -std=gnu11 -g3 -DDEBUG -DUSE_HAL_DRIVER -DSTM32F746xx -c -I../Core/Inc -I../Drivers/STM32F7xx_HAL_Driver/Inc -I../Drivers/STM32F7xx_HAL_Driver/Inc/Legacy -I../Drivers/CMSIS/Device/ST/STM32F7xx/Include -I../Drivers/CMSIS/Include -I"C:/Users/Karim ABDELLAZIZ/Documents/3A ensea/Projet robot/VL50L0X/Drivers/VL50L0X_DRV" -O0 -ffunction-sections -fdata-sections -Wall -fstack-usage -MMD -MP -MF"Core/Src/stm32f7xx_it.d" -MT"Core/Src/stm32f7xx_it.o" --specs=nano.specs -mfpu=fpv5-sp-d16 -mfloat-abi=hard -mthumb -o "Core/Src/stm32f7xx_it.o"
../Core/Src/stm32f7xx_it.c: In function 'TIM6_DAC_IRQHandler':
../Core/Src/stm32f7xx_it.c:230:2: warning: implicit declaration of function 'sprintf' [-Wimplicit-function-declaration]
  230 |  sprintf(msgBuffer, "Distance: %d\r\n", &tof1.right.distance);
      |  ^~~~~~~
../Core/Src/stm32f7xx_it.c:230:2: warning: incompatible implicit declaration of built-in function 'sprintf'
../Core/Src/stm32f7xx_it.c:26:1: note: include '<stdio.h>' or provide a declaration of 'sprintf'
   25 | #include "VL53L0X.h"
  +++ |+#include <stdio.h>
   26 | /* USER CODE END Includes */
../Core/Src/stm32f7xx_it.c:230:33: warning: format '%d' expects argument of type 'int', but argument 3 has type 'int *' [-Wformat=]
  230 |  sprintf(msgBuffer, "Distance: %d\r\n", &tof1.right.distance);
      |                                ~^       ~~~~~~~~~~~~~~~~~~~~
      |                                 |       |
      |                                 int     int *
      |                                %ls
../Core/Src/stm32f7xx_it.c:231:2: warning: implicit declaration of function 'printf' [-Wimplicit-function-declaration]
  231 |  printf(msgBuffer);
      |  ^~~~~~
../Core/Src/stm32f7xx_it.c:231:2: warning: incompatible implicit declaration of built-in function 'printf'
../Core/Src/stm32f7xx_it.c:231:2: note: include '<stdio.h>' or provide a declaration of 'printf'
../Core/Src/main.c: In function 'main':
../Core/Src/main.c:122:7: warning: variable 'msgBuffer' set but not used [-Wunused-but-set-variable]
  122 |  char msgBuffer[52];
      |       ^~~~~~~~~
arm-none-eabi-gcc -o "VL50L0X.elf" @"objects.list"   -mcpu=cortex-m7 -T"C:\Users\Karim ABDELLAZIZ\Documents\3A ensea\Projet robot\VL50L0X\STM32F746NGHX_FLASH.ld" --specs=nosys.specs -Wl,-Map="VL50L0X.map" -Wl,--gc-sections -static --specs=nano.specs -mfpu=fpv5-sp-d16 -mfloat-abi=hard -mthumb -Wl,--start-group -lc -lm -Wl,--end-group
Finished building target: VL50L0X.elf
 
arm-none-eabi-size   VL50L0X.elf 
arm-none-eabi-objdump -h -S  VL50L0X.elf  > "VL50L0X.list"
   text	   data	    bss	    dec	    hex	filename
  31540	    120	   2224	  33884	   845c	VL50L0X.elf
Finished building: default.size.stdout
 
Finished building: VL50L0X.list
 
01:55:28 **** Incremental Build of configuration Debug for project VL50L0X ****
make -j8 all 
arm-none-eabi-size   VL50L0X.elf 
   text	   data	    bss	    dec	    hex	filename
  31540	    120	   2224	  33884	   845c	VL50L0X.elf
Finished building: default.size.stdout
 
01:55:53 **** Incremental Build of configuration Debug for project VL50L0X ****
make -j8 all 
arm-none-eabi-size   VL50L0X.elf 
   text	   data	    bss	    dec	    hex	filename
  31540	    120	   2224	  33884	   845c	VL50L0X.elf
Finished building: default.size.stdout
 
