../Drivers/VL50L0X_DRV/VL53L0X.c:48:6:writeReg	32	static
../Drivers/VL50L0X_DRV/VL53L0X.c:55:6:writeReg16Bit	32	static
../Drivers/VL50L0X_DRV/VL53L0X.c:62:6:writeReg32Bit	32	static
../Drivers/VL50L0X_DRV/VL53L0X.c:69:9:readReg	40	static
../Drivers/VL50L0X_DRV/VL53L0X.c:79:10:readReg16Bit	40	static
../Drivers/VL50L0X_DRV/VL53L0X.c:89:10:readReg32Bit	40	static
../Drivers/VL50L0X_DRV/VL53L0X.c:99:6:writeMulti	32	static
../Drivers/VL50L0X_DRV/VL53L0X.c:107:6:readMulti	32	static
../Drivers/VL50L0X_DRV/VL53L0X.c:115:6:setAddress_VL53L0X	16	static
../Drivers/VL50L0X_DRV/VL53L0X.c:120:9:getAddress_VL53L0X	4	static
../Drivers/VL50L0X_DRV/VL53L0X.c:132:6:initVL53L0X	32	static
../Drivers/VL50L0X_DRV/VL53L0X.c:369:6:setSignalRateLimit	16	static
../Drivers/VL50L0X_DRV/VL53L0X.c:379:7:getSignalRateLimit	8	static
../Drivers/VL50L0X_DRV/VL53L0X.c:391:6:setMeasurementTimingBudget	80	static
../Drivers/VL50L0X_DRV/VL53L0X.c:480:10:getMeasurementTimingBudget	56	static
../Drivers/VL50L0X_DRV/VL53L0X.c:534:6:setVcselPulsePeriod	56	static
../Drivers/VL50L0X_DRV/VL53L0X.c:711:9:getVcselPulsePeriod	16	static
../Drivers/VL50L0X_DRV/VL53L0X.c:730:6:startContinuous	24	static
../Drivers/VL50L0X_DRV/VL53L0X.c:768:6:stopContinuous	8	static
../Drivers/VL50L0X_DRV/VL53L0X.c:783:10:readRangeContinuousMillimeters	32	static
../Drivers/VL50L0X_DRV/VL53L0X.c:826:10:readRangeSingleMillimeters	16	static
../Drivers/VL50L0X_DRV/VL53L0X.c:848:6:timeoutOccurred	16	static
../Drivers/VL50L0X_DRV/VL53L0X.c:855:6:setTimeout	16	static
../Drivers/VL50L0X_DRV/VL53L0X.c:859:10:getTimeout	4	static
../Drivers/VL50L0X_DRV/VL53L0X.c:868:6:getSpadInfo	24	static
../Drivers/VL50L0X_DRV/VL53L0X.c:910:6:getSequenceStepEnables	24	static
../Drivers/VL50L0X_DRV/VL53L0X.c:920:6:initVXL_right	8	static
../Drivers/VL50L0X_DRV/VL53L0X.c:928:6:initVXL_left	8	static
../Drivers/VL50L0X_DRV/VL53L0X.c:943:6:getSequenceStepTimeouts	16	static
../Drivers/VL50L0X_DRV/VL53L0X.c:977:10:decodeTimeout	16	static
../Drivers/VL50L0X_DRV/VL53L0X.c:988:10:encodeTimeout	24	static
../Drivers/VL50L0X_DRV/VL53L0X.c:1012:10:timeoutMclksToMicroseconds	24	static
../Drivers/VL50L0X_DRV/VL53L0X.c:1021:10:timeoutMicrosecondsToMclks	24	static
../Drivers/VL50L0X_DRV/VL53L0X.c:1030:6:performSingleRefCalibration	16	static
